Starting a Gradle Daemon, 1 busy and 1 incompatible and 1 stopped Daemons could not be reused, use --status for details
> Task :cacheVersionManifest1.21.1 UP-TO-DATE
> Task :cacheVersionExecutableClient1.21.1 UP-TO-DATE
> Task :cacheVersionExecutableServer1.21.1 UP-TO-DATE
> Task :cacheVersionMappingsClient1.21.1 UP-TO-DATE
> Task :cacheVersionMappingsServer1.21.1 UP-TO-DATE
> Task :neoFormListLibraries UP-TO-DATE
> Task :neoFormStripClient UP-TO-DATE
> Task :neoFormExtractServer UP-TO-DATE
> Task :neoFormStripServer UP-TO-DATE
> Task :neoFormMerge UP-TO-DATE
> Task :neoFormMergeMappings UP-TO-DATE
> Task :neoFormRename UP-TO-DATE
> Task :neoFormDecompile UP-TO-DATE
> Task :neoFormApplyForgesAccessTransformer UP-TO-DATE
> Task :neoFormInject UP-TO-DATE
> Task :neoFormPatch UP-TO-DATE
> Task :neoFormPatchUserDev UP-TO-DATE
> Task :neoFormApplyOfficialMappings UP-TO-DATE
> Task :neoFormUnzipSources UP-TO-DATE
> Task :create1.21.1ClientExtraJar UP-TO-DATE
> Task :selectRawArtifactNg_dummy_ng.net.minecraft_client_1.21.1_client-extra UP-TO-DATE
> Task :neoFormRecompile UP-TO-DATE
> Task :neoFormPackRecomp UP-TO-DATE
> Task :supplyRawJarForneoFormJoined1.21.1-20240808.144430 UP-TO-DATE
> Task :selectRawArtifactNg_dummy_ng.net.neoforged_neoforge_21.1.228 UP-TO-DATE
> Task :compileJava
A:\Project\CHNH-Core\src\main\java\com\minbaka\chnhcore\precisemanufacturing\PreciseManufacturing.java:13: 错误: 程序包net.neoforged.neoforge.fml不存在
import net.neoforged.neoforge.fml.InterModComms;
                                 ^
A:\Project\CHNH-Core\src\main\java\com\minbaka\chnhcore\precisemanufacturing\foundation\data\builders\recipe\DecomponentalizingRecipeBuilder.java:61: 错误: 无法将类 ResourceLocation中的方法 fromNamespaceAndPath应用到给定类型;
        this.advancement.parent(ResourceLocation.fromNamespaceAndPath("recipes/root"))
                                                ^
  需要: String,String
  找到:    String
  原因: 实际参数列表和形式参数列表长度不同
A:\Project\CHNH-Core\src\main\java\com\minbaka\chnhcore\precisemanufacturing\foundation\data\builders\recipe\DecomponentalizingRecipeBuilder.java:66: 错误: 不兼容的类型: Result无法转换为ResourceLocation
        pFinishedRecipeConsumer.accept(new DecomponentalizingRecipeBuilder.Result(pRecipeId, this.ingredient, this.result, this.processingTime,
                                       ^
A:\Project\CHNH-Core\src\main\java\com\minbaka\chnhcore\precisemanufacturing\foundation\data\builders\recipe\DecomponentalizingRecipeBuilder.java:76: 错误: Result不是抽象的, 并且未覆盖RecipeOutput中的抽象方法advancement()
    public static class Result implements RecipeOutput {
                  ^
A:\Project\CHNH-Core\src\main\java\com\minbaka\chnhcore\precisemanufacturing\foundation\data\builders\recipe\DecomponentalizingRecipeBuilder.java:95: 错误: 找不到符号
            pJson.add("ingredient", this.ingredient.toJson());
                                                   ^
  符号:   方法 toJson()
  位置: 类型为Ingredient的变量 ingredient
A:\Project\CHNH-Core\src\main\java\com\minbaka\chnhcore\precisemanufacturing\foundation\data\builders\recipe\DecomponentalizingRecipeBuilder.java:121: 错误: 找不到符号
            return this.advancement.serializeToJson();
                                   ^
  符号:   方法 serializeToJson()
  位置: 类型为Builder的变量 advancement
A:\Project\CHNH-Core\src\main\java\com\minbaka\chnhcore\precisemanufacturing\foundation\data\providers\ModItemModelProvider.java:54: 错误: ModItemModelProvider中的handheldItem(Item)无法覆盖ItemModelProvider中的handheldItem(Item)
    private ItemModelBuilder handheldItem(Item item) {
                             ^
  正在尝试分配更低的访问权限; 以前为public
A:\Project\CHNH-Core\src\main\java\com\minbaka\chnhcore\precisemanufacturing\foundation\data\providers\ModItemModelProvider.java:56: 错误: 无法将类 ResourceLocation中的方法 fromNamespaceAndPath应用到给定类型;
                ResourceLocation.fromNamespaceAndPath("item/handheld")).texture("layer0",
                                ^
  需要: String,String
  找到:    String
  原因: 实际参数列表和形式参数列表长度不同
A:\Project\CHNH-Core\src\main\java\com\minbaka\chnhcore\precisemanufacturing\foundation\data\providers\ModRecipeProvider.java:17: 错误: 无法将类 RecipeProvider中的构造器 RecipeProvider应用到给定类型;
        super(pGenerator.getPackOutput());
        ^
  需要: PackOutput,CompletableFuture<Provider>
  找到:    PackOutput
  原因: 实际参数列表和形式参数列表长度不同
A:\Project\CHNH-Core\src\main\java\com\minbaka\chnhcore\precisemanufacturing\foundation\PrmaDataGenerators.java:11: 警告: [removal] EventBusSubscriber 中的 bus() 已过时, 且标记为待删除
@EventBusSubscriber(modid = Reference.MOD_ID, bus = EventBusSubscriber.Bus.MOD)
                                              ^
A:\Project\CHNH-Core\src\main\java\com\minbaka\chnhcore\precisemanufacturing\foundation\PrmaDataGenerators.java:11: 警告: [removal] EventBusSubscriber 中的 Bus 已过时, 且标记为待删除
@EventBusSubscriber(modid = Reference.MOD_ID, bus = EventBusSubscriber.Bus.MOD)
                                                                      ^
A:\Project\CHNH-Core\src\main\java\com\minbaka\chnhcore\precisemanufacturing\foundation\PrmaRecipeTypes.java:20: 错误: PrmaRecipeTypes不是抽象的, 并且未覆盖IRecipeTypeInfo中的抽象方法<I,R>getType()
public enum PrmaRecipeTypes implements IRecipeTypeInfo {
       ^
  其中, I,R是类型变量:
    I扩展已在方法 <I,R>getType()中声明的RecipeInput
    R扩展已在方法 <I,R>getType()中声明的Recipe<I>
A:\Project\CHNH-Core\src\main\java\com\minbaka\chnhcore\precisemanufacturing\foundation\PrmaRecipeTypes.java:57: 错误: 名称冲突: PrmaRecipeTypes 中的 getType() 和 IRecipeTypeInfo 中的 getType() 具有相同疑符, 但两者均不覆盖对方
    public <T extends RecipeType<?>> T getType() {
                                       ^
A:\Project\CHNH-Core\src\main\java\com\minbaka\chnhcore\precisemanufacturing\PreciseManufacturing.java:87: 警告: [removal] EventBusSubscriber 中的 bus() 已过时, 且标记为待删除
    @EventBusSubscriber(bus = EventBusSubscriber.Bus.MOD, modid = Reference.MOD_ID, value = Dist.CLIENT)
                        ^
A:\Project\CHNH-Core\src\main\java\com\minbaka\chnhcore\precisemanufacturing\PreciseManufacturing.java:87: 警告: [removal] EventBusSubscriber 中的 Bus 已过时, 且标记为待删除
    @EventBusSubscriber(bus = EventBusSubscriber.Bus.MOD, modid = Reference.MOD_ID, value = Dist.CLIENT)
                                                ^
注: 某些消息已经过简化; 请使用 -Xdiags:verbose 重新编译以获得完整输出
11 个错误
4 个警告

> Task :compileJava FAILED

FAILURE: Build failed with an exception.

* What went wrong:
Execution failed for task ':compileJava'.
> Compilation failed; see the compiler error output for details.

* Try:
> Run with --info option to get more log output.
> Run with --scan to get full insights.

BUILD FAILED in 1m 2s
26 actionable tasks: 1 executed, 25 up-to-date
